// Jest Snapshot v1, https://goo.gl/fbAQLP

exports[`NewRestaurantForm matches snapshot 1`] = `
<DocumentFragment>
  <form>
    <div>
      <p
        class="status"
        data-testid="status"
        style="color: green; font-weight: bold;"
      />
    </div>
    <div
      class="mb-3"
    >
      <label
        class="form-label"
        for="name"
      >
        Name: *
      </label>
      <input
        class="form-control"
        data-testid="restaurant-name"
        id="name"
        name="name"
        required=""
        type="text"
        value=""
      />
      <label
        class="form-label"
        for="address"
      >
        Address: *
      </label>
      <input
        class="form-control"
        data-testid="restaurant-address"
        id="address"
        name="address"
        required=""
        type="text"
        value=""
      />
      <label
        class="form-label"
        for="phone"
      >
        Phone: *
      </label>
      <input
        class="form-control"
        data-testid="restaurant-phone"
        id="phone"
        maxlength="12"
        name="phone"
        required=""
        type="text"
        value=""
      />
      <label
        class="form-label"
        for="cuisine"
      >
        Cuisine: *
      </label>
      <input
        class="form-control"
        data-testid="restaurant-cuisine"
        id="cuisine"
        name="cuisine"
        required=""
        type="text"
        value=""
      />
    </div>
    <div
      class="text-center"
    >
      <button
        class="btn btn-primary"
        data-testid="submit"
        disabled=""
        type="submit"
      >
        Submit
      </button>
    </div>
  </form>
</DocumentFragment>
`;
